// Jest Snapshot v1, https://goo.gl/fbAQLP

exports[`renders 1`] = `
<DocumentFragment>
  <div>
    <h3>
      About.
    </h3>
    <div>
      <p
        class="content"
      >
        Wakemaps is a wakepark listing directory.
      </p>
    </div>
  </div>
</DocumentFragment>
`;
