// Jest Snapshot v1, https://goo.gl/fbAQLP

exports[`renders a snapshot 1`] = `
<DocumentFragment>
  <div>
    <nav
      aria-label="main navigation"
      class="navbar is-dark"
      role="navigation"
    >
      <section
        class="container"
      >
        <div
          class="navbar-brand"
        >
          <a
            class="navbar-item nav-title"
            href="/"
            style="font-weight: bold;"
          >
            Wakemaps
          </a>
          <span
            class="nav-toggle navbar-burger"
          >
            <span />
            <span />
            <span />
          </span>
        </div>
        <div
          class="navbar-menu"
        >
          <div
            class="navbar-start"
          >
            <a
              class="navbar-item"
              data-testid="nav-about"
              href="/about"
            >
              About
            </a>
          </div>
          <div
            class="navbar-end"
          >
            <span
              class="navbar-item link"
              data-testid="nav-signin"
            >
              Login
            </span>
          </div>
        </div>
      </section>
    </nav>
    <section
      class="section"
    >
      <div
        class="container"
      >
        <div
          class="columns"
        >
          <div
            class="column is-fullwidth"
          >
            <br />
            <div>
              <h3
                class="title"
              >
                Wakeparks
              </h3>
              <div />
              <table
                class="table is-hoverable is-fullwidth"
              >
                <thead>
                  <tr>
                    <th>
                      Name
                    </th>
                    <th>
                      Location
                    </th>
                    <th>
                      Instagram
                    </th>
                    <th />
                    <th />
                  </tr>
                </thead>
                <tbody>
                  <tr />
                </tbody>
              </table>
            </div>
          </div>
        </div>
      </div>
    </section>
  </div>
</DocumentFragment>
`;
